[START OF SIMULATION]
0x00000000:	bun 7                    	PC=0x00000020
0x00000020:	int 0                    	CR=0x00000000,PC=0x00000000
[END OF SIMULATION]
